wwwwwwwwwwwwwwwwwwwwwwwwwwwwwwwwwwwwwwwwwwwwwwwwwwwwwwwwwwwwwwwwwwwwwwwwwwwwwwww
wggggggggggggggggggggggggggggggggggggggggggggggggggggggggggggggggggggggggggggggw
wggggggggggggggggggggggggggggggggggggggggggggggggggggggggggggggggggggggggggggggw
wggggggggggggggggggggggggggggggggggggggggggggggggggggggggggggggggggggggggggggggw
wggggggggggggggggggggggggggggggggggggggggggggggggggggggggggggggggggggggggggggggw
wggggggggggggggggggggggggggggggggggggggggwgggggggggggggggggggggggggggggggggggggw
wgggggggggggggggggggggggggggggggggggggggwwwggggggggggggggggggggggggggggggggggggw
wggggggggggggggggggggggggggggggggggggggggwgggggggggggggggggggggggggggggggggggggw
wggggggggggggggggggggggggggggggggggggggggggggggggggggggggggggggggggggggggggggggw
wggggggggggggggggggggggggggggggggggggggggggggggggggggggggggggwgggggggggggggggggw
wgggggggggggggggggggggggggggggggggggggggggggggggggggggggggwwwwwwgggggggggggggggw
wgggggggggggggggggggggggggggggggggggggggggggggggggggggggggwggggwgggggggggggggggw
wgggggggggggggggggggggggggggggggggggggggggggggggggggggggggwggggwgggggggggggggggw
gggggggggggggggggggggggggggggggggggggggggggggggggggggwwwwwwwgggwgggggggggggggggw
gggggggggggggggggggggggggggggggggggggggggggggggggggggwgggggggggwgggggggggggggggw
gggggggggggggggggggggggggggggggggggggggggggggggggggggwgggggwwwwwgggggggggggggggw
gggggggggggggggggggggggggggggggggggggggggggggggggggggggggggwgggggggggggggggggggw
gggggggggggggggggggggggggggggggggggggggggggggggggggggwggggwwgggggggggggggggggggw
gggggggggggggggggggggggggggggggggggggggggggggggggggggwgggggwgggggggggggggggggggw
gggggggggggggggggggggggggggggggggggggggggggggggggggggwwwwwwwgggggggggggggggggggw
wggggggggggggggggggggggggggggggggggggggggggggggggggggwggwggggggggggggggggggggggw
wggggggggggggggggggggggggggggggggggggggggggggggggggggggggggggggggggggggggggggggw
wggggggggggggggggggggggggggggggggggggggggggggggggggggggggggggggggggggggggggggggw
wwwwwwwwwwwwwwwwwwwwwwwwwwwwwwwwwwwwwwwwwwwwwwwwwwwwwwwwwwwwwwwwwwwwwwwwwwwwwwww
